// Jest Snapshot v1, https://goo.gl/fbAQLP

exports[`HomePage Test should render without throwing an error 1`] = `
<div>
  <main
    class="mainSection"
  >
    <div
      class="image-container"
    >
      <span
        style="box-sizing: border-box; display: block; overflow: hidden; background: none; opacity: 1; border: 0px; margin: 0px; padding: 0px; position: absolute; top: 0px; left: 0px; bottom: 0px; right: 0px;"
      >
        <img
          alt="gcorn-logo"
          data-nimg="fill"
          decoding="async"
          sizes="100vw"
          src="/gcorn/gcorn-logo.svg"
          srcset="/gcorn/gcorn-logo.svg 640w, /gcorn/gcorn-logo.svg 750w, /gcorn/gcorn-logo.svg 828w, /gcorn/gcorn-logo.svg 1080w, /gcorn/gcorn-logo.svg 1200w, /gcorn/gcorn-logo.svg 1920w, /gcorn/gcorn-logo.svg 2048w, /gcorn/gcorn-logo.svg 3840w"
          style="position: absolute; top: 0px; left: 0px; bottom: 0px; right: 0px; box-sizing: border-box; padding: 0px; margin: auto; display: block; width: 0px; height: 0px; min-width: 100%; max-width: 100%; min-height: 100%; max-height: 100%; object-fit: contain;"
        />
      </span>
    </div>
    <div
      class="WrapperDiv"
    >
      <h1
        class="Header"
      >
        gCorn!
      </h1>
      <p
        class="Tagline"
      >
        A Corner for Geeks
      </p>
    </div>
    <br />
    <button
      aria-label="GCorn-HomePage-OUTLINE_BUTTONlogin"
      class="sc-bdvvtL sc-gsDKAQ byMHED gKCaVh"
    >
      Sign In
    </button>
    <button
      aria-label="GCorn-HomePage-OUTLINE_BUTTONregister"
      class="sc-bdvvtL sc-gsDKAQ byMHED gKCaVh"
    >
      Create An Account
    </button>
  </main>
</div>
`;
