// Jest Snapshot v1, https://goo.gl/fbAQLP

exports[`RegisterPage Test should render without throwing an error 1`] = `
<div>
  <main
    class="flex flex-col items-center justify-center w-screen h-screen gap-1 p-0 m-0 flex-column"
  >
    <div
      class="image-container"
    >
      <span
        style="box-sizing: border-box; display: block; overflow: hidden; background: none; opacity: 1; border: 0px; margin: 0px; padding: 0px; position: absolute; top: 0px; left: 0px; bottom: 0px; right: 0px;"
      >
        <img
          alt="gcorn-logo"
          data-nimg="fill"
          decoding="async"
          sizes="100vw"
          src="/gcorn/gcorn-logo.svg"
          srcset="/gcorn/gcorn-logo.svg 640w, /gcorn/gcorn-logo.svg 750w, /gcorn/gcorn-logo.svg 828w, /gcorn/gcorn-logo.svg 1080w, /gcorn/gcorn-logo.svg 1200w, /gcorn/gcorn-logo.svg 1920w, /gcorn/gcorn-logo.svg 2048w, /gcorn/gcorn-logo.svg 3840w"
          style="position: absolute; top: 0px; left: 0px; bottom: 0px; right: 0px; box-sizing: border-box; padding: 0px; margin: auto; display: block; width: 0px; height: 0px; min-width: 100%; max-width: 100%; min-height: 100%; max-height: 100%; object-fit: contain;"
        />
      </span>
    </div>
    <div
      class="flex flex-col items-center justify-center"
    >
      <h1
        class="pb-1 m-0 text-6xl italic text-gcorn_p font-gcorn_f"
      >
        gCorn!
      </h1>
      <p
        class="p-0 m-0 text-2xl italic text-gcorn_p font-gcorn_f"
      >
        A Corner for Geeks
      </p>
    </div>
    <br />
    <form
      class="flex flex-col items-center justify-center w-full"
    >
      <input
        class="p-2 mb-2 text-base bg-transparent border-b-2 outline-none placeholder-slate-600 border-gcorn_pl focus:border-gcorn_p"
        placeholder="Email Address"
        type="email"
      />
      <input
        class="p-2 mb-2 text-base bg-transparent border-b-2 outline-none placeholder-slate-600 border-gcorn_pl focus:border-gcorn_p"
        placeholder="Password"
        type="password"
      />
      <input
        class="p-2 text-base bg-transparent border-b-2 outline-none placeholder-slate-600 border-gcorn_pl focus:border-gcorn_p"
        placeholder="Confirm Password"
        type="password"
      />
      <br />
      <button
        class="px-4 py-2 font-semibold bg-transparent border rounded text-gcorn_p border-gcorn_p hover:bg-gcorn_p hover:text-white hover:border-transparent"
        type="submit"
      >
        Next
      </button>
    </form>
  </main>
</div>
`;
